// Jest Snapshot v1, https://goo.gl/fbAQLP

exports[`PageLoadingActivityIndicator Component renders correctly 1`] = `
<View
  style={
    [
      {
        "alignItems": "center",
        "flex": 1,
        "justifyContent": "center",
      },
      {
        "backgroundColor": "#ffffff",
      },
    ]
  }
  testID="activity-indicator-container"
>
  <ActivityIndicator
    color="#6200ee"
    size="large"
    testID="activity-indicator"
  />
</View>
`;
